// Jest Snapshot v1, https://goo.gl/fbAQLP

exports[`Chip component renders correctly 1`] = `
<View>
  <Text>
    0 places
  </Text>
</View>
`;
